33f80000 T _start
33f80020 t _undefined_instruction
33f80024 t _software_interrupt
33f80028 t _prefetch_abort
33f8002c t _data_abort
33f80030 t _not_used
33f80034 t _irq
33f80038 t _fiq
33f80040 t _TEXT_BASE
33f80044 T _armboot_start
33f80048 T _bss_start
33f8004c T _bss_end
33f80050 t start_code
33f8009c t relocate
33f800bc t copy_loop
33f800cc t stack_setup
33f800dc t clear_bss
33f800e8 t clbss_l
33f800fc t _start_armboot
33f80100 t cpu_init_crit
33f80140 t undefined_instruction
33f801a0 t software_interrupt
33f80200 t prefetch_abort
33f80260 t data_abort
33f802c0 t not_used
33f80320 t irq
33f80380 t fiq
33f80400 T __coloured_LED_init
33f80400 W coloured_LED_init
33f80404 T __red_LED_on
33f80404 W red_LED_on
33f80408 T __red_LED_off
33f80408 W red_LED_off
33f8040c T __green_LED_on
33f8040c W green_LED_on
33f80410 T __green_LED_off
33f80410 W green_LED_off
33f80414 T __yellow_LED_on
33f80414 W yellow_LED_on
33f80418 T __yellow_LED_off
33f80418 W yellow_LED_off
33f8041c T __blue_LED_on
33f8041c W blue_LED_on
33f80420 T __blue_LED_off
33f80420 W blue_LED_off
33f80424 T hang
33f80434 t display_dram_config
33f80464 t display_banner
33f8048c t init_baudrate
33f804e8 T start_armboot
33f80650 T enable_interrupts
33f80654 T disable_interrupts
33f8065c T show_regs
33f80798 T bad_mode
33f807bc T do_irq
33f807e0 T do_fiq
33f80804 T do_not_used
33f80828 T do_data_abort
33f8084c T do_prefetch_abort
33f80870 T do_software_interrupt
33f80894 T do_undefined_instruction
33f808b8 W cpu_eth_init
33f808b8 t __def_eth_init
33f808c0 T eth_get_dev
33f808d0 T eth_get_dev_by_index
33f80914 T eth_get_dev_index
33f80968 T eth_halt
33f8099c T eth_send
33f809d4 T eth_rx
33f80a04 T eth_get_name
33f80a24 T eth_get_dev_by_name
33f80a78 T eth_set_current
33f80b34 T eth_try_another
33f80bf0 T eth_register
33f80c88 T eth_setenv_enetaddr
33f80cc0 T eth_parse_enetaddr
33f80d28 T eth_getenv_enetaddr
33f80d80 T eth_getenv_enetaddr_by_index
33f80dcc T eth_init
33f80e9c T eth_initialize
33f81094 t __fswab16
33f810b0 t __fswab32
33f810d0 t startAgainTimeout
33f810e4 t startAgainHandler
33f810e8 T NetSetHandler
33f810f8 T NetCksum
33f8113c T NetCksumOk
33f81168 T copy_filename
33f811b8 T string_to_VLAN
33f81208 T getenv_VLAN
33f81220 T string_to_ip
33f81290 T getenv_IPaddr
33f812a8 T NetEthHdrSize
33f812f4 T VLAN_to_string
33f8134c T ip_to_string
33f81398 T random_port
33f813bc T NetSetTimeout
33f813f8 T NetSetEther
33f814b0 t NetCopyIP
33f814b8 T NetSetIP
33f815bc t NetWriteIP
33f815e0 t NetReadIP
33f81604 T NetSendPacket
33f81608 T NetReceive
33f81b00 T ArpRequest
33f81c2c T NetSendUDPPacket
33f81da0 T NetStartAgain
33f81ecc T ArpTimeoutCheck
33f81f50 T NetLoop
33f8238c t __fswab32
33f823ac t basename
33f823e4 t dirname
33f82400 t rpc_lookup_reply
33f824c0 t rpc_add_credentials
33f82598 t rpc_req
33f826ac t rpc_lookup_req
33f8270c t NfsSend
33f829a0 T NfsStart
33f82c00 t NfsHandler
33f83118 t NfsTimeout
33f8317c T RarpRequest
33f8328c t RarpHandler
33f832f8 t RarpTimeout
33f8334c t __fswab16
33f83368 t TftpSend
33f83520 T TftpStart
33f83810 t TftpTimeout
33f83888 t TftpHandler
33f83b88 t __fswab16
33f83ba4 t __fswab32
33f83bc4 t truncate_sz
33f83bf8 t NetCopyIP
33f83c00 t NetWriteIP
33f83c24 t NetReadLong
33f83c48 T BootpRequest
33f83e78 t BootpHandler
33f841fc t BootpTimeout
33f84250 T _serial_getc
33f8426c T serial_getc
33f84274 T serial_putc
33f8427c T _serial_putc
33f842a4 T _serial_tstc
33f842b8 T _serial_puts
33f842f0 T serial_puts
33f842f8 T _serial_setbrg
33f84320 T serial_init
33f8435c T serial_setbrg
33f84364 T serial_tstc
33f84374 t print_num
33f84388 T do_bdinfo
33f84460 W do_go_exec
33f84484 T do_go
33f84508 t __fswab32
33f84528 T __board_lmb_reserve
33f84528 W board_lmb_reserve
33f8452c T __arch_lmb_reserve
33f8452c W arch_lmb_reserve
33f84530 T __arch_preboot_os
33f84530 W arch_preboot_os
33f84534 t do_imls
33f845f8 t image_get_size
33f84600 t image_get_data_size
33f84604 t image_check_magic
33f84630 t image_info
33f84700 T do_iminfo
33f8476c T do_bootd
33f84790 t do_bootm_rtems
33f847d0 t do_bootm_qnxelf
33f84834 t do_bootm_vxworks
33f84898 t do_bootm_netbsd
33f849d4 t bootm_start
33f84d90 t bootm_load_os
33f84ef4 T do_bootm_subcommand
33f850d8 T do_bootm
33f85370 t on_off
33f853ac T do_dcache
33f8542c T do_icache
33f854ac T do_coninfo
33f85574 t cnvrt2
33f855b8 T mk_date
33f85784 T do_date
33f858a8 T load_elf_image
33f85948 T valid_elf_image
33f8599c T do_bootvx
33f85c28 W do_bootelf_exec
33f85c70 T do_bootelf
33f85d14 T flash_sect_roundb
33f85df0 t flash_fill_sect_ranges
33f85fb8 T flash_sect_protect
33f860bc t addr_spec
33f86184 t abbrev_spec
33f862e4 T do_protect
33f86580 T flash_sect_erase
33f86660 T do_flerase
33f867e4 T do_flinfo
33f86850 t evalstr
33f8686c t evalexp
33f868b8 T binary_test
33f86a94 T do_itest
33f86b30 T ktrans
33f86b50 T chk1
33f86b7c t bin_data_init
33f86ba8 t bin_data_char
33f86bd0 T k_data_init
33f86c00 T k_data_save
33f86c4c T k_data_restore
33f86c98 T k_data_char
33f86cfc T send_pad
33f86d38 T s1_sendpacket
33f86d64 T handle_send_packet
33f86f5c T send_nack
33f86fc8 T send_ack
33f87034 t getcxmodem
33f87060 T do_load_serial_bin
33f876f8 T do_load_serial
33f879f8 T do_mem_crc
33f87aa4 T do_mem_base
33f87af0 T do_mem_mtest
33f87ca8 T do_mem_loop
33f87d94 T do_mem_cmp
33f87f34 T do_mem_mw
33f88000 T do_mem_cp
33f88124 t mod_mem
33f88298 T do_mem_nm
33f882c0 T do_mem_mm
33f882e8 T do_mem_md
33f883dc T do_sleep
33f88464 t netboot_common
33f88770 T do_nfs
33f8877c T do_rarpb
33f88788 T do_tftpb
33f88794 T do_bootp
33f887a0 T get_env_id
33f887b0 T envmatch
33f88810 T getenv_r
33f888c8 T do_saveenv
33f888fc T getenv
33f88978 T _do_setenv
33f88ddc T do_setenv
33f88e14 T setenv
33f88e64 T do_editenv
33f88ed0 t printenv
33f88fbc T do_printenv
33f89050 t __fswab32
33f89070 T source
33f89214 T do_source
33f89258 T do_imgextract
33f89498 T cmd_get_data_size
33f89518 T do_version
33f89540 T cmd_usage
33f895a0 T do_echo
33f89628 T find_cmd_tbl
33f896c4 T find_cmd
33f896ec T _do_help
33f89868 T do_help
33f898bc t console_setfile
33f89968 T fgetc
33f89994 T ftstc
33f899c0 T fputc
33f899ec T fputs
33f89a18 T disable_ctrlc
33f89a30 T had_ctrlc
33f89a40 T clear_ctrlc
33f89a54 T dbg
33f89a60 T console_init_f
33f89a70 T search_device
33f89a98 T console_assign
33f89ad8 T fprintf
33f89b20 T puts
33f89b3c T vprintf
33f89b68 T printf
33f89ba8 T stdio_print_current_devices
33f89c6c T console_init_r
33f89d44 T serial_printf
33f89d84 T putc
33f89da0 T tstc
33f89db8 T getc
33f89dd0 T ctrlc
33f89e30 T sbrk
33f89e7c T malloc_trim
33f89f50 T free
33f8a1b0 T cfree
33f8a1b4 T malloc
33f8a7ec T memalign
33f8a8fc T pvalloc
33f8a914 T valloc
33f8a920 T malloc_usable_size
33f8a964 T mallopt
33f8a9d8 T calloc
33f8aac0 T mem_malloc_init
33f8ab00 T realloc
33f8af70 T env_get_char_memory
33f8af90 T env_get_addr
33f8afb0 T env_crc_update
33f8afdc T set_default_env
33f8b020 T env_relocate
33f8b080 T env_get_char
33f8b0d0 T env_get_char_spec
33f8b0dc T env_relocate_spec
33f8b0f4 T saveenv
33f8b19c T env_init
33f8b200 t dummy
33f8b204 T get_version
33f8b20c T jumptable_init
33f8b2e4 T flash_protect
33f8b3e8 T addr2info
33f8b434 T flash_perror
33f8b514 T flash_write
33f8b678 t __fswab32
33f8b698 T image_multi_count
33f8b6bc T get_table_entry_name
33f8b6e4 T genimg_get_os_name
33f8b6fc T genimg_get_arch_name
33f8b714 T genimg_get_type_name
33f8b72c T genimg_get_comp_name
33f8b744 T genimg_get_image
33f8b748 T genimg_has_config
33f8b750 T get_table_entry_id
33f8b7a0 T genimg_get_comp_id
33f8b7b8 T genimg_get_type_id
33f8b7d0 T genimg_get_arch_id
33f8b7e8 T genimg_get_os_id
33f8b800 T image_multi_getimg
33f8b88c t image_get_load
33f8b894 t image_get_data_size
33f8b89c t image_check_magic
33f8b8c8 T genimg_get_format
33f8b8e4 T genimg_print_size
33f8b910 T memmove_wd
33f8b914 T getenv_bootm_size
33f8b954 T getenv_bootm_low
33f8b994 T getenv_yesno
33f8b9c0 T image_print_contents
33f8bb8c T image_check_dcrc
33f8bbd0 T image_check_hcrc
33f8bc24 T boot_get_ramdisk
33f8be60 T __show_boot_progress
33f8be60 W show_boot_progress
33f8be64 T parse_line
33f8bef0 T run_command
33f8c27c T do_run
33f8c2fc t delete_char
33f8c3d8 T readline_into_buffer
33f8c5b4 T readline
33f8c5cc T main_loop
33f8c740 t hex1_bin
33f8c778 t hex2_bin
33f8c7b4 T srec_decode
33f8ca10 T stdio_get_list
33f8ca1c T stdio_clone
33f8ca74 T stdio_register
33f8cab8 T stdio_init
33f8cb44 T stdio_get_by_name
33f8cb9c T parse_num
33f8ccd0 T xyzModem_error
33f8cd6c T xyzModem_stream_close
33f8cdc0 T CYGACC_COMM_IF_PUTC
33f8cdc8 T CYGACC_COMM_IF_GETC_TIMEOUT
33f8ce1c t xyzModem_flush
33f8ce50 T xyzModem_stream_terminate
33f8cf28 t xyzModem_get_hdr
33f8d1cc T xyzModem_stream_read
33f8d448 T xyzModem_stream_open
33f8d5ac T dram_init
33f8d5cc T board_eth_init
33f8d5dc T board_init
33f8d6d4 t write_hword
33f8d7c8 T write_buff
33f8d948 T flash_print_info
33f8da60 T flash_erase
33f8dc64 T flash_init
33f8dd4c t _TEXT_BASE
33f8dd50 T lowlevel_init
33f8dd7c t SMRDATA
33f8ddb0 T cyg_crc16
33f8ddf8 T crc32
33f8def8 T crc32_wd
33f8defc T print_size
33f8dfc4 T display_options
33f8dfec T print_buffer
33f8e16c T zunzip
33f8e260 T gunzip
33f8e330 T zfree
33f8e338 T zalloc
33f8e348 T lmb_dump_all
33f8e34c t lmb_addrs_adjacent
33f8e370 t lmb_remove_region
33f8e3ac T lmb_init
33f8e3d4 t lmb_add_region
33f8e59c T lmb_add
33f8e5a0 T lmb_free
33f8e694 T lmb_reserve
33f8e69c T lmb_overlaps_region
33f8e6f0 T __lmb_alloc_base
33f8e7fc T lmb_is_reserved
33f8e858 T lmb_alloc_base
33f8e888 T lmb_alloc
33f8e890 T strcpy
33f8e8a8 T strncpy
33f8e8d0 T strcat
33f8e8fc T strncat
33f8e948 T strcmp
33f8e974 T strncmp
33f8e9b8 T strchr
33f8e9e4 T strlen
33f8ea04 T strrchr
33f8ea44 T strnlen
33f8ea6c T strspn
33f8eab0 T strpbrk
33f8eaf0 T strtok
33f8eb7c T strsep
33f8ebb8 T strswab
33f8ec04 T memset
33f8ec68 T bcopy
33f8ec94 T memcpy
33f8ecfc T memmove
33f8ed44 T memcmp
33f8ed80 T memscan
33f8eda4 T strstr
33f8ee10 T memchr
33f8ee3c T strdup
33f8ee78 t pack_hex_byte
33f8eea0 T simple_strtoul
33f8ef60 T simple_strtol
33f8ef94 T ustrtoul
33f8f008 t skip_atoi
33f8f044 t put_dec_trunc
33f8f120 t put_dec
33f8f234 t number
33f8f440 T panic
33f8f498 t string
33f8f548 T vsprintf
33f8fb54 T sprintf
33f8fb84 T inflate_fast
33f90068 T inflate_table
33f90624 T inflateReset
33f906c4 T inflateInit2_
33f907cc T inflateInit_
33f907dc T inflateEnd
33f9086c T adler32
33f90b78 T zcfree
33f90b80 T zcalloc
33f90b88 T inflate
33f922dc t get_PLLCLK
33f9233c T get_UCLK
33f92344 T get_FCLK
33f9234c T get_HCLK
33f92380 T get_PCLK
33f923b4 T set_timer
33f923c4 T reset_timer_masked
33f923f4 T get_ticks
33f9245c T udelay_masked
33f924d0 T get_timer_masked
33f9250c T get_timer
33f92520 T udelay
33f9257c T get_tbclk
33f92584 T reset_cpu
33f925a4 T timer_init
33f92638 T reset_timer
33f92668 T do_bootm_linux
33f926fc T flush_cache
33f92700 t cp_delay
33f92730 t cache_enable
33f92754 t cache_disable
33f92778 T icache_enable
33f92780 T icache_disable
33f92788 T dcache_enable
33f92790 T dcache_disable
33f92798 T dcache_status
33f927a8 T icache_status
33f927b8 T do_reset
33f927f0 t get_reg_init_bus
33f92854 t cs8900_reginit
33f928ac t cs8900_e2prom_ready
33f928d0 t cs8900_recv
33f9295c t cs8900_reset
33f929cc T cs8900_get_enetaddr
33f92a58 T cs8900_initialize
33f92b1c T cs8900_halt
33f92b3c T cs8900_e2prom_write
33f92bc4 t cs8900_init
33f92c68 T cs8900_e2prom_read
33f92cbc t cs8900_send
33f92dac T GregorianDay
33f92ea0 T to_tm
33f92fb0 T mktime
33f93044 t bin2bcd
33f9307c t SetRTC_Access
33f930ac T rtc_get
33f931e0 T rtc_reset
33f93204 T rtc_set
33f932a4 T cleanup_before_linux
33f932cc T raise
33f932f0 T __aeabi_uidiv
33f932f0 T __udivsi3
33f933ec T __aeabi_uidivmod
33f93404 T __aeabi_idiv
33f93404 T __divsi3
33f93530 T __aeabi_idivmod
33f93548 T __div0
33f9355c R version_string
33f9358c r C.32.2944
33f9361c r boot_os
33f93668 r baudrate_table
33f9367c r crc_table
33f93a7c R hex_asc
33f93a90 r digits.3135
33f93aa0 R z_errmsg
33f93ac8 r order.3559
33f93aee r lenfix
33f942ee r distfix
33f9436e r dext.3325
33f943ae r dbase.3324
33f943ee r lext.3323
33f9442c r lbase.3322
33f9446c r C.32.2985
33f9865c r crc16_tab
33f9885c D init_sequence
33f98884 D NetBcastAddr
33f9888a D NetOurVLAN
33f9888c D NetOurNativeVLAN
33f98890 d nfs_offset
33f98894 D TftpRRQTimeoutMSecs
33f98898 D TftpRRQTimeoutCountMax
33f9889c d TftpBlkSizeOption
33f988a0 d TftpTimeoutMSecs
33f988a4 d TftpTimeoutCountMax
33f988a8 d TftpBlkSize
33f988ac D load_addr
33f988b0 D cmd_bootm_sub
33f98940 D weekdays
33f9895c D op_table
33f989c4 d do_echo
33f989c8 D dp_last_length
33f989cc d env_id
33f989d0 d trim_threshold
33f989d4 d mmap_threshold
33f989d8 d av_
33f98de0 d sbrk_base
33f98de4 D default_environment
33f98e3c D env_name_spec
33f98e40 D env_ptr
33f98e44 d uimage_comp
33f98e80 d uimage_type
33f98f04 d uimage_arch
33f98ff4 d uimage_os
33f99054 d erase_seq
33f99058 d tab_seq
33f99064 D stdio_names
33f99070 D _ctype
33f99170 d month_days
33f991a0 A __u_boot_cmd_start
33f991a0 D __u_boot_cmd_bdinfo
33f991b8 D __u_boot_cmd_go
33f991d0 D __u_boot_cmd_reset
33f991e8 D __u_boot_cmd_bootm
33f99200 D __u_boot_cmd_boot
33f99218 D __u_boot_cmd_bootd
33f99230 D __u_boot_cmd_iminfo
33f99248 D __u_boot_cmd_imls
33f99260 D __u_boot_cmd_icache
33f99278 D __u_boot_cmd_dcache
33f99290 D __u_boot_cmd_coninfo
33f992a8 D __u_boot_cmd_date
33f992c0 D __u_boot_cmd_bootelf
33f992d8 D __u_boot_cmd_bootvx
33f992f0 D __u_boot_cmd_flinfo
33f99308 D __u_boot_cmd_erase
33f99320 D __u_boot_cmd_protect
33f99338 D __u_boot_cmd_itest
33f99350 D __u_boot_cmd_loads
33f99368 D __u_boot_cmd_loadb
33f99380 D __u_boot_cmd_loady
33f99398 D __u_boot_cmd_md
33f993b0 D __u_boot_cmd_mm
33f993c8 D __u_boot_cmd_nm
33f993e0 D __u_boot_cmd_mw
33f993f8 D __u_boot_cmd_cp
33f99410 D __u_boot_cmd_cmp
33f99428 D __u_boot_cmd_crc32
33f99440 D __u_boot_cmd_base
33f99458 D __u_boot_cmd_loop
33f99470 D __u_boot_cmd_mtest
33f99488 D __u_boot_cmd_sleep
33f994a0 D __u_boot_cmd_bootp
33f994b8 D __u_boot_cmd_tftpboot
33f994d0 D __u_boot_cmd_rarpboot
33f994e8 D __u_boot_cmd_nfs
33f99500 D __u_boot_cmd_saveenv
33f99518 D __u_boot_cmd_editenv
33f99530 D __u_boot_cmd_printenv
33f99548 D __u_boot_cmd_setenv
33f99560 D __u_boot_cmd_run
33f99578 D __u_boot_cmd_source
33f99590 D __u_boot_cmd_imxtract
33f995a8 D __u_boot_cmd_version
33f995c0 D __u_boot_cmd_echo
33f995d8 D __u_boot_cmd_help
33f995f0 D __u_boot_cmd_question_mark
33f99608 A __bss_start
33f99608 A __u_boot_cmd_end
33f99608 B monitor_flash_len
33f9960c b env_changed_id.3453
33f99610 b act.3452
33f99614 b first_failed.3436
33f99618 b eth_devices
33f9961c b eth_current
33f99620 B NetOurSubnetMask
33f99624 B NetOurGatewayIP
33f99628 B NetOurDNSIP
33f9962c B NetOurNISDomain
33f9964c B NetOurHostName
33f9966c B NetOurRootPath
33f996ac B NetBootFileSize
33f996ae B NetServerEther
33f996b4 B NetEtherNullAddr
33f996bc B NetRestartWrap
33f996c0 B NetTxPacket
33f996c4 B NetBootFileXferSize
33f996c8 B NetOurEther
33f996d0 B NetOurIP
33f996d4 B NetServerIP
33f996d8 B NetRxPackets
33f996e8 B NetRxPacket
33f996ec B NetRxPacketLen
33f996f0 B NetIPID
33f996f4 B NetState
33f996f8 B BootFile
33f99778 B PktBuf
33f9b598 B NetArpWaitPacketIP
33f9b59c B NetArpWaitReplyIP
33f9b5a0 B NetArpWaitPacketMAC
33f9b5a4 B NetArpWaitTxPacket
33f9b5a8 B NetArpWaitTxPacketSize
33f9b5ac B NetArpWaitPacketBuf
33f9bbcc B NetArpWaitTimerStart
33f9bbd0 B NetArpWaitTry
33f9bbd4 b NetRestarted
33f9bbd8 b NetDevExists
33f9bbdc b env_changed_id.3362
33f9bbe0 b packetHandler
33f9bbe4 b timeHandler
33f9bbe8 b timeStart
33f9bbec b timeDelta
33f9bbf0 b NetTryCount
33f9bbf4 b rpc_id
33f9bbf8 b fs_mounted
33f9bbfc b nfs_len
33f9bc00 b dirfh
33f9bc20 b filefh
33f9bc40 b NfsDownloadState
33f9bc44 b NfsServerIP
33f9bc48 b NfsSrvMountPort
33f9bc4c b NfsSrvNfsPort
33f9bc50 b NfsOurPort
33f9bc54 b NfsTimeoutCount
33f9bc58 b NfsState
33f9bc5c b default_filename
33f9bc9c b nfs_filename
33f9bca0 b nfs_path
33f9bca4 b nfs_path_buff
33f9c4a4 B RarpTry
33f9c4a8 b TftpServerIP
33f9c4ac b TftpServerPort
33f9c4b0 b TftpOurPort
33f9c4b4 b TftpTimeoutCount
33f9c4b8 b TftpBlock
33f9c4bc b TftpLastBlock
33f9c4c0 b TftpBlockWrap
33f9c4c4 b TftpBlockWrapOffset
33f9c4c8 b TftpState
33f9c4cc b default_filename
33f9c4d9 b tftp_filename
33f9c55c B BootpID
33f9c560 B BootpTry
33f9c564 b images
33f9c690 B his_eol
33f9c694 B his_pad_count
33f9c698 B his_pad_char
33f9c699 B his_quote
33f9c69c B os_data_init
33f9c6a0 B os_data_char
33f9c6a4 B send_parms
33f9c6b8 B send_ptr
33f9c6bc b a_b
33f9c6d4 b os_data_state
33f9c6d8 b os_data_state_saved
33f9c6dc b os_data_addr
33f9c6e0 b os_data_addr_saved
33f9c6e4 b bin_start_address
33f9c6e8 b k_data_escape
33f9c6ec b k_data_escape_saved
33f9c6f0 B dp_last_addr
33f9c6f4 B dp_last_size
33f9c6f8 B mm_last_addr
33f9c6fc B mm_last_size
33f9c700 b base_address
33f9c704 b ctrlc_was_pressed
33f9c708 b ctrlc_disabled
33f9c70c B mem_malloc_start
33f9c710 B mem_malloc_end
33f9c714 B mem_malloc_brk
33f9c718 b top_pad
33f9c71c b n_mmaps_max
33f9c720 b current_mallinfo
33f9c748 b max_sbrked_mem
33f9c74c b max_total_mem
33f9c750 B console_buffer
33f9c850 b lastcommand.2971
33f9c950 B stdio_devices
33f9c95c b devs
33f9c998 b xyz
33f9cdd4 B flash_info
33f9ce18 B ___strtok
33f9ce1c B timer_load_val
33f9ce20 b timer_clk
33f9ce24 b timestamp
33f9ce28 b lastdec
33f9ce2c A _end
